2026-01-31 13:41:25,630 INFO  revpay.service.AuthService - Registration flow started
2026-01-31 13:41:25,663 WARN  revpay.service.AuthService - Registration failed: email already registered email='john@test.com'
2026-01-31 13:41:25,742 INFO  revpay.service.AuthService - Registration flow started
2026-01-31 13:41:25,743 WARN  revpay.service.AuthService - Registration failed: username already taken username='john123'
2026-01-31 13:41:25,754 INFO  revpay.service.AuthService - Registration flow started
2026-01-31 13:41:25,981 INFO  revpay.service.AuthService - Wallet created for new userId=100
2026-01-31 13:41:25,990 INFO  revpay.service.AuthService - Security questions setup completed (userId=100)
2026-01-31 13:41:25,991 INFO  revpay.service.AuthService - PERSONAL account created successfully (userId=100, username='john123', accountId='P-185980')
2026-01-31 13:41:26,022 INFO  revpay.service.AuthService - Registration flow started
2026-01-31 13:41:26,024 WARN  revpay.service.AuthService - Registration failed: passwords do not match (username='john123', email='john@test.com')
2026-01-31 13:41:26,031 INFO  revpay.service.AuthService - Registration flow started
2026-01-31 13:41:26,032 WARN  revpay.service.AuthService - Registration failed: invalid account type choice='9'
2026-01-31 13:48:34,221 INFO  revpay.service.AuthService - Registration flow started
2026-01-31 13:48:34,242 WARN  revpay.service.AuthService - Registration failed: username already taken username='karishma'
2026-01-31 13:48:34,310 INFO  revpay.service.AuthService - Registration flow started
2026-01-31 13:48:34,539 INFO  revpay.service.AuthService - Wallet created for new userId=101
2026-01-31 13:48:34,546 INFO  revpay.service.AuthService - Security questions setup completed (userId=101)
2026-01-31 13:48:34,546 INFO  revpay.service.AuthService - PERSONAL account created successfully (userId=101, username='karishma', accountId='P-614538')
2026-01-31 13:48:34,660 INFO  revpay.service.AuthService - Login flow started
2026-01-31 13:48:34,767 WARN  revpay.service.AuthService - Account locked due to failed login attempts (userId=50, username='karishma', attempts=3)
2026-01-31 13:48:34,776 INFO  revpay.service.AuthService - Registration flow started
2026-01-31 13:48:34,776 WARN  revpay.service.AuthService - Registration failed: invalid account type choice='9'
2026-01-31 13:48:34,780 INFO  revpay.service.AuthService - Forgot password flow started
2026-01-31 16:36:58,374 INFO  revpay.service.AuthService - Registration flow started
2026-01-31 16:36:58,393 WARN  revpay.service.AuthService - Registration failed: username already taken username='karishma'
2026-01-31 16:36:58,443 INFO  revpay.service.AuthService - Registration flow started
2026-01-31 16:36:58,670 INFO  revpay.service.AuthService - Wallet created for new userId=101
2026-01-31 16:36:58,676 INFO  revpay.service.AuthService - Security questions setup completed (userId=101)
2026-01-31 16:36:58,676 INFO  revpay.service.AuthService - PERSONAL account created successfully (userId=101, username='karishma', accountId='P-718669')
2026-01-31 16:36:58,796 INFO  revpay.service.AuthService - Login flow started
2026-01-31 16:36:58,897 WARN  revpay.service.AuthService - Account locked due to failed login attempts (userId=50, username='karishma', attempts=3)
2026-01-31 16:36:58,905 INFO  revpay.service.AuthService - Registration flow started
2026-01-31 16:36:58,906 WARN  revpay.service.AuthService - Registration failed: invalid account type choice='9'
2026-01-31 16:36:58,912 INFO  revpay.service.AuthService - Forgot password flow started
2026-01-31 17:05:47,309 INFO  revpay.service.AuthService - Registration flow started
2026-01-31 17:05:47,319 WARN  revpay.service.AuthService - Registration failed: username already taken username='karishma'
2026-01-31 17:05:47,366 INFO  revpay.service.AuthService - Registration flow started
2026-01-31 17:05:47,595 INFO  revpay.service.AuthService - Wallet created for new userId=101
2026-01-31 17:05:47,602 INFO  revpay.service.AuthService - Security questions setup completed (userId=101)
2026-01-31 17:05:47,603 INFO  revpay.service.AuthService - PERSONAL account created successfully (userId=101, username='karishma', accountId='P-447594')
2026-01-31 17:05:47,721 INFO  revpay.service.AuthService - Login flow started
2026-01-31 17:05:47,830 WARN  revpay.service.AuthService - Account locked due to failed login attempts (userId=50, username='karishma', attempts=3)
2026-01-31 17:05:47,839 INFO  revpay.service.AuthService - Registration flow started
2026-01-31 17:05:47,839 WARN  revpay.service.AuthService - Registration failed: invalid account type choice='9'
2026-01-31 17:05:47,848 INFO  revpay.service.AuthService - Forgot password flow started
2026-01-31 18:41:01,126 INFO  revpay.service.AuthService - Registration flow started
2026-01-31 18:41:01,146 WARN  revpay.service.AuthService - Registration failed: username already taken username='karishma'
2026-01-31 18:41:01,214 INFO  revpay.service.AuthService - Registration flow started
2026-01-31 18:41:01,440 INFO  revpay.service.AuthService - Wallet created for new userId=101
2026-01-31 18:41:01,447 INFO  revpay.service.AuthService - Security questions setup completed (userId=101)
2026-01-31 18:41:01,447 INFO  revpay.service.AuthService - PERSONAL account created successfully (userId=101, username='karishma', accountId='P-161439')
2026-01-31 18:41:01,557 INFO  revpay.service.AuthService - Login flow started
2026-01-31 18:41:01,674 WARN  revpay.service.AuthService - Account locked due to failed login attempts (userId=50, username='karishma', attempts=3)
2026-01-31 18:41:01,681 INFO  revpay.service.AuthService - Registration flow started
2026-01-31 18:41:01,681 WARN  revpay.service.AuthService - Registration failed: invalid account type choice='9'
2026-01-31 18:41:01,687 INFO  revpay.service.AuthService - Forgot password flow started
2026-01-31 19:45:20,679 INFO  revpay.service.AuthService - Registration flow started
2026-01-31 19:45:20,721 WARN  revpay.service.AuthService - Registration failed: username already taken username='karishma'
2026-01-31 19:45:20,864 INFO  revpay.service.AuthService - Registration flow started
2026-01-31 19:45:21,150 INFO  revpay.service.AuthService - Wallet created for new userId=101
2026-01-31 19:45:21,157 INFO  revpay.service.AuthService - Security questions setup completed (userId=101)
2026-01-31 19:45:21,157 INFO  revpay.service.AuthService - PERSONAL account created successfully (userId=101, username='karishma', accountId='P-1021149')
2026-01-31 19:45:21,282 INFO  revpay.service.AuthService - Login flow started
2026-01-31 19:45:21,379 WARN  revpay.service.AuthService - Account locked due to failed login attempts (userId=50, username='karishma', attempts=3)
2026-01-31 19:45:21,386 INFO  revpay.service.AuthService - Registration flow started
2026-01-31 19:45:21,387 WARN  revpay.service.AuthService - Registration failed: invalid account type choice='9'
2026-01-31 19:45:21,395 INFO  revpay.service.AuthService - Forgot password flow started
2026-01-31 19:45:41,355 INFO  revpay.service.LoanService - Loan repayment started (businessUserId=10, username='-')
2026-01-31 19:45:41,389 WARN  revpay.service.LoanService - Loan repayment failed: insufficient balance (businessUserId=10, balance=1000.00, pay=3000.00)
2026-01-31 19:45:41,633 INFO  revpay.service.LoanService - Loan repayment started (businessUserId=10, username='-')
2026-01-31 19:45:41,661 INFO  revpay.service.LoanService - Loan repayment successful (loanId=3, businessUserId=10, pay=2000.00, newWalletBal=4000.00, newOutstanding=3000.00, loanStatus=ACTIVE)
2026-01-31 19:45:41,684 INFO  revpay.service.LoanService - Loan repayment started (businessUserId=10, username='-')
2026-01-31 19:45:41,687 INFO  revpay.service.LoanService - Loan repayment successful (loanId=2, businessUserId=10, pay=2000.00, newWalletBal=1000.00, newOutstanding=0.00, loanStatus=CLOSED)
2026-01-31 19:45:41,703 INFO  revpay.service.LoanService - No loans found (businessUserId=10)
2026-01-31 19:45:41,715 INFO  revpay.service.LoanService - Loan application started (businessUserId=10, username='-')
2026-01-31 19:45:41,716 INFO  revpay.service.LoanService - Loan created (loanId=101, businessUserId=10, amount=5000.00, status=PENDING)
2026-01-31 19:46:00,882 INFO  revpay.service.MoneyRequestService - Cancel outgoing request flow started (userId=1, username='-')
2026-01-31 19:46:01,186 INFO  revpay.service.MoneyRequestService - Create money request started (requesterId=1, username='-')
2026-01-31 19:46:01,186 WARN  revpay.service.MoneyRequestService - Create request failed: invalid payer lookup choice='9' (requesterId=1)
2026-01-31 19:46:01,309 INFO  revpay.service.MoneyRequestService - Decline request flow started (payerId=2, username='-')
2026-01-31 19:46:01,423 INFO  revpay.service.MoneyRequestService - Create money request started (requesterId=1, username='-')
2026-01-31 19:46:01,425 WARN  revpay.service.MoneyRequestService - Create request failed: payer not found (requesterId=1, choice='1')
2026-01-31 19:46:01,556 INFO  revpay.service.MoneyRequestService - Accept request flow started (payerId=2, username='-')
2026-01-31 19:46:16,701 INFO  revpay.service.NotificationService - Notifications menu opened (userId=10)
2026-01-31 19:46:16,715 INFO  revpay.service.NotificationService - Notifications menu closed (userId=10)
2026-01-31 19:46:16,912 INFO  revpay.service.NotificationService - Notifications menu opened (userId=10)
2026-01-31 19:46:17,034 INFO  revpay.service.NotificationService - Marked all notifications as read (userId=10)
2026-01-31 19:46:17,034 INFO  revpay.service.NotificationService - Notifications menu closed (userId=10)
2026-01-31 19:46:17,138 INFO  revpay.service.NotificationService - Notifications menu opened (userId=10)
2026-01-31 19:46:17,145 INFO  revpay.service.NotificationService - Notifications menu closed (userId=10)
2026-01-31 19:46:17,153 INFO  revpay.service.NotificationService - Notify user requested (userId=10, type='TRANSACTION', title='Title')
2026-01-31 19:46:17,216 INFO  revpay.service.NotificationService - Notifications menu opened (userId=10)
2026-01-31 19:46:17,218 INFO  revpay.service.NotificationService - No notifications found (userId=10, unreadOnly=true)
2026-01-31 19:46:17,220 INFO  revpay.service.NotificationService - Notifications menu closed (userId=10)
2026-02-02 09:30:44,639 INFO  revpay.service.AuthService - Registration flow started
2026-02-02 09:30:44,678 WARN  revpay.service.AuthService - Registration failed: username already taken username='karishma'
2026-02-02 09:30:44,788 INFO  revpay.service.AuthService - Registration flow started
2026-02-02 09:30:45,058 INFO  revpay.service.AuthService - Wallet created for new userId=101
2026-02-02 09:30:45,070 INFO  revpay.service.AuthService - Security questions setup completed (userId=101)
2026-02-02 09:30:45,073 INFO  revpay.service.AuthService - PERSONAL account created successfully (userId=101, username='karishma', accountId='P-945056')
2026-02-02 09:30:45,192 INFO  revpay.service.AuthService - Login flow started
2026-02-02 09:30:45,291 WARN  revpay.service.AuthService - Account locked due to failed login attempts (userId=50, username='karishma', attempts=3)
2026-02-02 09:30:45,301 INFO  revpay.service.AuthService - Registration flow started
2026-02-02 09:30:45,301 WARN  revpay.service.AuthService - Registration failed: invalid account type choice='9'
2026-02-02 09:30:45,309 INFO  revpay.service.AuthService - Forgot password flow started
